\BOOKMARK [1][-]{section.1}{\376\377\000C\000e\000n\000t\000r\000a\000l\000\040\000M\000I\000M\000O\000\040\000P\000o\000w\000e\000r\000\040\000M\000o\000d\000e\000l}{}% 1
\BOOKMARK [2][-]{subsection.1.1}{\376\377\000M\000o\000d\000e\000l\000\040\000s\000t\000r\000u\000c\000t\000u\000r\000e}{section.1}% 2
\BOOKMARK [2][-]{subsection.1.2}{\376\377\000F\000r\000a\000m\000e\000\040\000s\000t\000r\000u\000c\000t\000u\000r\000e\000\040\000a\000n\000d\000\040\000o\000p\000e\000r\000a\000t\000i\000n\000g\000-\000m\000o\000d\000e\000\040\000a\000v\000e\000r\000a\000g\000i\000n\000g}{section.1}% 3
\BOOKMARK [2][-]{subsection.1.3}{\376\377\000P\000o\000w\000e\000r\000\040\000a\000m\000p\000l\000i\000f\000i\000e\000r\000s}{section.1}% 4
\BOOKMARK [2][-]{subsection.1.4}{\376\377\000A\000n\000a\000l\000o\000g\000\040\000s\000i\000g\000n\000a\000l\000\040\000p\000r\000o\000c\000e\000s\000s\000i\000n\000g}{section.1}% 5
\BOOKMARK [2][-]{subsection.1.5}{\376\377\000D\000i\000g\000i\000t\000a\000l\000\040\000s\000i\000g\000n\000a\000l\000\040\000p\000r\000o\000c\000e\000s\000s\000i\000n\000g}{section.1}% 6
\BOOKMARK [2][-]{subsection.1.6}{\376\377\000D\000e\000l\000i\000v\000e\000r\000e\000d\000\040\000r\000a\000t\000e\000\040\000a\000n\000d\000\040\000e\000n\000e\000r\000g\000y\000\040\000e\000f\000f\000i\000c\000i\000e\000n\000c\000y}{section.1}% 7
\BOOKMARK [1][-]{section.2}{\376\377\000D\000i\000s\000t\000r\000i\000b\000u\000t\000e\000d\000\040\000M\000a\000s\000s\000i\000v\000e\000\040\000M\000I\000M\000O\000\040\000S\000y\000s\000t\000e\000m\000\040\000M\000o\000d\000e\000l}{}% 8
\BOOKMARK [2][-]{subsection.2.1}{\376\377\000D\000o\000w\000n\000l\000i\000n\000k\000\040\000S\000y\000s\000t\000e\000m\000\040\000M\000o\000d\000e\000l}{section.2}% 9
\BOOKMARK [2][-]{subsection.2.2}{\376\377\000P\000r\000e\000c\000o\000d\000e\000r\000\040\000a\000n\000d\000\040\000P\000o\000w\000e\000r\000\040\000C\000o\000n\000t\000r\000o\000l\000\040\000D\000e\000s\000i\000g\000n\000s}{section.2}% 10
\BOOKMARK [3][-]{subsubsection.2.2.1}{\376\377\000C\000e\000n\000t\000r\000a\000l\000i\000z\000e\000d\000\040\000O\000p\000e\000r\000a\000t\000i\000o\000n}{subsection.2.2}% 11
\BOOKMARK [3][-]{subsubsection.2.2.2}{\376\377\000L\000o\000c\000a\000l\000\040\000O\000p\000e\000r\000a\000t\000i\000o\000n}{subsection.2.2}% 12
\BOOKMARK [1][-]{section.3}{\376\377\000D\000-\000M\000I\000M\000O\000\040\000P\000o\000w\000e\000r\000\040\000M\000o\000d\000e\000l}{}% 13
\BOOKMARK [2][-]{subsection.3.1}{\376\377\000N\000e\000t\000w\000o\000r\000k\000\040\000p\000o\000w\000e\000r\000\040\000d\000e\000c\000o\000m\000p\000o\000s\000i\000t\000i\000o\000n}{section.3}% 14
\BOOKMARK [2][-]{subsection.3.2}{\376\377\000S\000e\000r\000v\000i\000n\000g\000\040\000c\000l\000u\000s\000t\000e\000r\000s\000,\000\040\000p\000e\000r\000-\000A\000P\000\040\000l\000o\000a\000d\000,\000\040\000a\000n\000d\000\040\000t\000h\000e\000\040\000s\000h\000a\000r\000e\000d\000\040\000f\000r\000a\000m\000e}{section.3}% 15
\BOOKMARK [2][-]{subsection.3.3}{\376\377\000P\000e\000r\000-\000A\000P\000\040\000p\000o\000w\000e\000r\000\040\000a\000m\000p\000l\000i\000f\000i\000e\000r\000s}{section.3}% 16
\BOOKMARK [2][-]{subsection.3.4}{\376\377\000P\000e\000r\000-\000A\000P\000\040\000a\000n\000a\000l\000o\000g\000\040\000f\000r\000o\000n\000t\000\040\000e\000n\000d}{section.3}% 17
\BOOKMARK [2][-]{subsection.3.5}{\376\377\000F\000u\000n\000c\000t\000i\000o\000n\000a\000l\000\040\000s\000p\000l\000i\000t\000\040\000o\000f\000\040\000D\000i\000g\000i\000t\000a\000l\000\040\000S\000i\000g\000n\000a\000l\000\040\000P\000r\000o\000c\000e\000s\000s\000i\000n\000g}{section.3}% 18
\BOOKMARK [2][-]{subsection.3.6}{\376\377\000D\000i\000g\000i\000t\000a\000l\000\040\000s\000i\000g\000n\000a\000l\000\040\000p\000r\000o\000c\000e\000s\000s\000i\000n\000g\000\040\000a\000t\000\040\000t\000h\000e\000\040\000A\000P\000s\000\040\000a\000n\000d\000\040\000t\000h\000e\000\040\000C\000P\000U}{section.3}% 19
\BOOKMARK [2][-]{subsection.3.7}{\376\377\000F\000r\000o\000n\000t\000h\000a\000u\000l\000\040\000c\000o\000n\000s\000u\000m\000p\000t\000i\000o\000n}{section.3}% 20
\BOOKMARK [2][-]{subsection.3.8}{\376\377\000D\000e\000l\000i\000v\000e\000r\000e\000d\000\040\000r\000a\000t\000e\000\040\000a\000n\000d\000\040\000n\000e\000t\000w\000o\000r\000k\000\040\000e\000n\000e\000r\000g\000y\000\040\000e\000f\000f\000i\000c\000i\000e\000n\000c\000y}{section.3}% 21
\BOOKMARK [2][-]{subsection.3.9}{\376\377\000W\000h\000a\000t\000\040\000t\000h\000e\000\040\000e\000x\000t\000e\000n\000s\000i\000o\000n\000\040\000d\000o\000e\000s\000\040\000n\000o\000t\000\040\000y\000e\000t\000\040\000c\000a\000p\000t\000u\000r\000e}{section.3}% 22
\BOOKMARK [1][-]{section*.2}{\376\377\000R\000e\000f\000e\000r\000e\000n\000c\000e\000s}{}% 23
