\BOOKMARK [1][-]{section.1}{\376\377\000I\000n\000t\000r\000o\000d\000u\000c\000t\000i\000o\000n}{}% 1
\BOOKMARK [1][-]{section.2}{\376\377\000D\000-\000M\000I\000M\000O\000\040\000S\000y\000s\000t\000e\000m\000\040\000M\000o\000d\000e\000l}{}% 2
\BOOKMARK [1][-]{section.3}{\376\377\000P\000o\000w\000e\000r\000\040\000M\000o\000d\000e\000l\000\040\000D\000e\000s\000c\000r\000i\000p\000t\000i\000o\000n}{}% 3
\BOOKMARK [2][-]{subsection.3.1}{\376\377\000N\000e\000t\000w\000o\000r\000k\000\040\000P\000o\000w\000e\000r\000\040\000C\000o\000n\000s\000u\000m\000p\000t\000i\000o\000n}{section.3}% 4
\BOOKMARK [3][-]{subsubsection.3.1.1}{\376\377\000F\000u\000n\000c\000t\000i\000o\000n\000a\000l\000\040\000s\000p\000l\000i\000t}{subsection.3.1}% 5
\BOOKMARK [3][-]{subsubsection.3.1.2}{\376\377\000M\000I\000M\000O\000\040\000p\000r\000o\000c\000e\000s\000s\000i\000n\000g\000\040\000a\000n\000d\000\040\000i\000t\000s\000\040\000p\000l\000a\000c\000e\000m\000e\000n\000t}{subsection.3.1}% 6
\BOOKMARK [3][-]{subsubsection.3.1.3}{\376\377\000C\000e\000n\000t\000r\000a\000l\000\040\000u\000n\000i\000t}{subsection.3.1}% 7
\BOOKMARK [2][-]{subsection.3.2}{\376\377\000F\000r\000o\000n\000t\000h\000a\000u\000l\000\040\000a\000n\000d\000\040\000S\000y\000n\000c\000h\000r\000o\000n\000i\000z\000a\000t\000i\000o\000n}{section.3}% 8
\BOOKMARK [3][-]{subsubsection.3.2.1}{\376\377\000F\000r\000o\000n\000t\000h\000a\000u\000l}{subsection.3.2}% 9
\BOOKMARK [3][-]{subsubsection.3.2.2}{\376\377\000S\000y\000n\000c\000h\000r\000o\000n\000i\000z\000a\000t\000i\000o\000n}{subsection.3.2}% 10
\BOOKMARK [2][-]{subsection.3.3}{\376\377\000A\000c\000c\000e\000s\000s\000\040\000P\000o\000i\000n\000t\000\040\000a\000n\000d\000\040\000C\000o\000-\000l\000o\000c\000a\000t\000e\000d\000\040\000P\000o\000w\000e\000r\000\040\000C\000o\000n\000s\000u\000m\000p\000t\000i\000o\000n}{section.3}% 11
\BOOKMARK [3][-]{subsubsection.3.3.1}{\376\377\000F\000r\000a\000m\000e\000\040\000s\000t\000r\000u\000c\000t\000u\000r\000e\000\040\000a\000n\000d\000\040\000o\000p\000e\000r\000a\000t\000i\000n\000g\000-\000m\000o\000d\000e\000\040\000a\000v\000e\000r\000a\000g\000i\000n\000g}{subsection.3.3}% 12
\BOOKMARK [3][-]{subsubsection.3.3.2}{\376\377\000P\000o\000w\000e\000r\000\040\000a\000m\000p\000l\000i\000f\000i\000e\000r\000s}{subsection.3.3}% 13
\BOOKMARK [3][-]{subsubsection.3.3.3}{\376\377\000A\000n\000a\000l\000o\000g\000\040\000f\000r\000o\000n\000t\000\040\000e\000n\000d}{subsection.3.3}% 14
\BOOKMARK [3][-]{subsubsection.3.3.4}{\376\377\000D\000i\000g\000i\000t\000a\000l\000\040\000s\000i\000g\000n\000a\000l\000\040\000p\000r\000o\000c\000e\000s\000s\000i\000n\000g}{subsection.3.3}% 15
\BOOKMARK [3][-]{subsubsection.3.3.5}{\376\377\000C\000o\000-\000l\000o\000c\000a\000t\000e\000d\000\040\000b\000a\000s\000e\000l\000i\000n\000e}{subsection.3.3}% 16
\BOOKMARK [2][-]{subsection.3.4}{\376\377\000D\000e\000l\000i\000v\000e\000r\000e\000d\000\040\000R\000a\000t\000e\000\040\000a\000n\000d\000\040\000E\000n\000e\000r\000g\000y\000\040\000E\000f\000f\000i\000c\000i\000e\000n\000c\000y}{section.3}% 17
\BOOKMARK [1][-]{section.4}{\376\377\000N\000u\000m\000e\000r\000i\000c\000a\000l\000\040\000E\000v\000a\000l\000u\000a\000t\000i\000o\000n}{}% 18
\BOOKMARK [1][-]{section.5}{\376\377\000C\000o\000n\000c\000l\000u\000s\000i\000o\000n}{}% 19
\BOOKMARK [1][-]{section*.2}{\376\377\000R\000e\000f\000e\000r\000e\000n\000c\000e\000s}{}% 20
